[colorlib.com/preview/theme/camille/index.html]
[backblue.gif]
[fade.gif]
[index.html]
[colorlib.com/preview/theme/camille/css/open-iconic-bootstrap.min.css]
[colorlib.com/preview/theme/camille/css/animate.css]
[colorlib.com/preview/theme/camille/css/owl.carousel.min.css]
[colorlib.com/preview/theme/camille/css/owl.theme.default.min.css]
[colorlib.com/preview/theme/camille/css/magnific-popup.css]
[colorlib.com/preview/theme/camille/css/aos.css]
[colorlib.com/preview/theme/camille/css/ionicons.min.css]
[colorlib.com/preview/theme/camille/css/jquery.timepicker.css]
[colorlib.com/preview/theme/camille/css/bootstrap-datepicker.css]
[colorlib.com/preview/theme/camille/css/flaticon.css]
[colorlib.com/preview/theme/camille/index-2.html]
[colorlib.com/preview/theme/camille/css/icomoon.css]
[colorlib.com/preview/theme/camille/services.html]
[colorlib.com/preview/theme/camille/css/style.css]
[colorlib.com/preview/theme/camille/gallery.html]
[colorlib.com/preview/theme/camille/about.html]
[colorlib.com/preview/theme/camille/blog.html]
[colorlib.com/preview/theme/camille/contact.html]
[colorlib.com/preview/theme/camille/images/bg.jpg]
[colorlib.com/preview/theme/camille/images/bg_1.png]
[colorlib.com/preview/theme/camille/images/bg_2.png]
[colorlib.com/preview/theme/camille/images/about.jpg]
[colorlib.com/preview/theme/camille/images/services-1.jpg]
[colorlib.com/preview/theme/camille/images/services-2.jpg]
[colorlib.com/preview/theme/camille/images/services-3.jpg]
[colorlib.com/preview/theme/camille/images/services-4.jpg]
[colorlib.com/preview/theme/camille/images/bg-1.jpg]
[colorlib.com/preview/theme/camille/images/stylist-1.jpg]
[colorlib.com/preview/theme/camille/images/stylist-2.jpg]
[colorlib.com/preview/theme/camille/images/stylist-3.jpg]
[colorlib.com/preview/theme/camille/images/stylist-4.jpg]
[colorlib.com/preview/theme/camille/images/stylist-5.jpg]
[colorlib.com/preview/theme/camille/images/work-1.jpg]
[colorlib.com/preview/theme/camille/project.html]
[colorlib.com/preview/theme/camille/images/work-2.jpg]
[colorlib.com/preview/theme/camille/images/work-3.jpg]
[colorlib.com/preview/theme/camille/images/work-4.jpg]
[colorlib.com/preview/theme/camille/images/work-5.jpg]
[colorlib.com/preview/theme/camille/images/work-6.jpg]
[colorlib.com/preview/theme/camille/images/work-7.jpg]
[colorlib.com/preview/theme/camille/images/work-8.jpg]
[colorlib.com/preview/theme/camille/images/testimony-img.png]
[colorlib.com/cdn-cgi/scripts/5c5dd728/cloudflare-static/email-decode.min.js]
[colorlib.com/preview/theme/camille/js/jquery.min.js]
[colorlib.com/preview/theme/camille/js/jquery-migrate-3.0.1.min.js]
[colorlib.com/preview/theme/camille/js/popper.min.js]
[colorlib.com/preview/theme/camille/js/bootstrap.min.js]
[colorlib.com/preview/theme/camille/js/jquery.easing.1.3.js]
[colorlib.com/preview/theme/camille/js/jquery.waypoints.min.js]
[colorlib.com/preview/theme/camille/js/jquery.stellar.min.js]
[colorlib.com/preview/theme/camille/js/owl.carousel.min.js]
[colorlib.com/preview/theme/camille/js/jquery.magnific-popup.min.js]
[colorlib.com/preview/theme/camille/js/aos.js]
[colorlib.com/preview/theme/camille/js/jquery.animateNumber.min.js]
[colorlib.com/preview/theme/camille/js/bootstrap-datepicker.js]
[colorlib.com/preview/theme/camille/js/jquery.timepicker.min.js]
[colorlib.com/preview/theme/camille/js/scrollax.min.js]
[colorlib.com/preview/theme/camille/js/google-map.js]
[colorlib.com/preview/theme/camille/js/main.js]
[colorlib.com/preview/theme/camille/index.html]
[ajax.cloudflare.com/cdn-cgi/scripts/a2bd7673/cloudflare-static/rocket-loader.min.js]
[colorlib.com/preview/theme/camille/fonts/open-iconic/open-iconic.eot]
[colorlib.com/preview/theme/camille/fonts/open-iconic/open-iconicd41d.eot]
[colorlib.com/preview/theme/camille/fonts/open-iconic/open-iconic.ttf]
[colorlib.com/preview/theme/camille/fonts/open-iconic/open-iconic.woff]
[colorlib.com/preview/theme/camille/css/open-iconic-bootstrap.min.css]
[colorlib.com/preview/theme/camille/css/animate.css]
[colorlib.com/preview/theme/camille/fonts/open-iconic/open-iconic.otf]
[colorlib.com/preview/theme/camille/fonts/open-iconic/open-iconic.svg]
[colorlib.com/preview/theme/camille/css/owl.video.play.png]
[colorlib.com/preview/theme/camille/css/owl.carousel.min.css]
[colorlib.com/preview/theme/camille/css/owl.theme.default.min.css]
[colorlib.com/preview/theme/camille/css/magnific-popup.css]
[colorlib.com/preview/theme/camille/css/aos.css]
[colorlib.com/preview/theme/camille/fonts/ionicons/fonts/ionicons580c.eot]
[colorlib.com/preview/theme/camille/fonts/ionicons/fonts/ionicons580c.woff2]
[colorlib.com/preview/theme/camille/fonts/ionicons/fonts/ionicons580c.woff]
[colorlib.com/preview/theme/camille/fonts/ionicons/fonts/ionicons580c.ttf]
[colorlib.com/preview/theme/camille/css/ionicons.min.css]
[colorlib.com/preview/theme/camille/css/bootstrap-datepicker.css]
[colorlib.com/preview/theme/camille/css/jquery.timepicker.css]
[colorlib.com/preview/theme/camille/fonts/flaticon/font/Flaticon.eot]
[colorlib.com/preview/theme/camille/fonts/flaticon/font/Flaticond41d.eot]
[colorlib.com/preview/theme/camille/fonts/ionicons/fonts/ionicons580c.svg]
[colorlib.com/preview/theme/camille/fonts/flaticon/font/Flaticon.woff]
[colorlib.com/preview/theme/camille/fonts/flaticon/font/Flaticon.ttf]
[colorlib.com/preview/theme/camille/css/flaticon.css]
[colorlib.com/preview/theme/camille/fonts/flaticon/font/Flaticon.svg]
[colorlib.com/preview/theme/camille/fonts/icomoon/icomoonccfb.eot]
[colorlib.com/preview/theme/camille/fonts/icomoon/icomoonccfb.woff]
[colorlib.com/preview/theme/camille/fonts/icomoon/icomoonccfb.ttf]
[colorlib.com/preview/theme/camille/css/icomoon.css]
[colorlib.com/preview/theme/camille/css/style.css]
[colorlib.com/preview/theme/camille/index-2.html]
[colorlib.com/preview/theme/camille/images/bg-2.jpg]
[colorlib.com/preview/theme/camille/fonts/icomoon/icomoonccfb.svg]
[colorlib.com/preview/theme/camille/services.html]
[colorlib.com/preview/theme/camille/gallery.html]
[colorlib.com/preview/theme/camille/about.html]
[colorlib.com/preview/theme/camille/blog-single.html]
[colorlib.com/preview/theme/camille/images/image_1.jpg]
[colorlib.com/preview/theme/camille/images/image_2.jpg]
[colorlib.com/preview/theme/camille/images/image_3.jpg]
[colorlib.com/preview/theme/camille/images/image_4.jpg]
[colorlib.com/preview/theme/camille/images/image_5.jpg]
[colorlib.com/preview/theme/camille/images/image_6.jpg]
[colorlib.com/preview/theme/camille/blog.html]
[colorlib.com/preview/theme/camille/contact.html]
[colorlib.com/preview/theme/camille/project.html]
[colorlib.com/preview/theme/camille/fonts/open-iconic/open-iconic.svg]
[colorlib.com/preview/theme/camille/css/owl.video.play.html]
[colorlib.com/preview/theme/camille/fonts/ionicons/fonts/ionicons580c.svg]
[colorlib.com/preview/theme/camille/fonts/flaticon/font/Flaticon.svg]
[colorlib.com/preview/theme/camille/fonts/icomoon/icomoonccfb.svg]
[colorlib.com/preview/theme/camille/images/person_1.jpg]
[colorlib.com/preview/theme/camille/blog-single.html]
